// Jest Snapshot v1, https://goo.gl/fbAQLP

exports[`<FilterTabGroup /> renders options 1`] = `
<div>
  <fieldset
    class="mx_FilterTabGroup"
    data-testid="test"
  >
    <label>
      <input
        checked=""
        name="test"
        type="radio"
        value="Apple"
      />
      Label for Apple
    </label>
    <label>
      <input
        name="test"
        type="radio"
        value="Banana"
      />
      Label for Banana
    </label>
    <label>
      <input
        name="test"
        type="radio"
        value="Orange"
      />
      Label for Orange
    </label>
  </fieldset>
</div>
`;
